{
  "success": "true",
  "data": {
    "totalOrders": 200,
    "priceTotal" : "dd",
    "inner" : {

    }
  }
}